[2026-07-11T14:06:12] 🚀 Iniciando bot comentador...
[2026-07-11T14:06:18] 📱 Abriendo Instagram...
[2026-07-11T14:06:24] 🔐 Iniciando sesión...
[2026-07-11T14:06:38] 🎯 Accediendo al perfil: https://www.instagram.com/fifaworldcup/?hl=es
[2026-07-11T14:06:43] 📸 Buscando publicaciones...
[2026-07-11T14:06:47] 📊 Publicaciones encontradas: 24
[2026-07-11T14:06:47] ✅ Total de publicaciones a comentar: 24
[2026-07-11T14:06:47] 📝 Visitando: https://www.instagram.com/fifaworldcup/reel/DaqXcsVCaIo/?hl=es
[2026-07-11T14:07:12] ✅ Comentario publicado: https://www.youtube.com/watch?v=hAQU1lZV-F0
[2026-07-11T14:07:15] 📝 Visitando: https://www.instagram.com/fifaworldcup/p/DaqJzu8iJ4W/?hl=es
[2026-07-11T14:07:40] ✅ Comentario publicado: https://www.youtube.com/watch?v=hAQU1lZV-F0
[2026-07-11T14:07:43] 📝 Visitando: https://www.instagram.com/fifaworldcup/p/DaoHNjhidHN/?hl=es
[2026-07-11T14:08:08] ✅ Comentario publicado: https://www.youtube.com/watch?v=hAQU1lZV-F0
[2026-07-11T14:08:11] 📝 Visitando: https://www.instagram.com/fifaworldcup/reel/DapK-p8xxmu/?hl=es
[2026-07-11T14:08:36] ✅ Comentario publicado: https://www.youtube.com/watch?v=hAQU1lZV-F0
[2026-07-11T14:08:39] 📝 Visitando: https://www.instagram.com/fifaworldcup/p/Dap7pe5D0c8/?hl=es
[2026-07-11T14:09:04] ✅ Comentario publicado: https://www.youtube.com/watch?v=hAQU1lZV-F0
[2026-07-11T14:09:07] 📝 Visitando: https://www.instagram.com/fifaworldcup/p/DapUlZMtB0X/?hl=es
[2026-07-11T14:09:32] ✅ Comentario publicado: https://www.youtube.com/watch?v=hAQU1lZV-F0
[2026-07-11T14:09:35] 📝 Visitando: https://www.instagram.com/fifaworldcup/p/DapusAQjy6m/?hl=es
[2026-07-11T14:10:13] ✅ Comentario publicado: https://www.youtube.com/watch?v=hAQU1lZV-F0
[2026-07-11T14:10:16] 📝 Visitando: https://www.instagram.com/fifaworldcup/p/DaqG5sdHFgR/?hl=es
[2026-07-11T14:10:41] ✅ Comentario publicado: https://www.youtube.com/watch?v=hAQU1lZV-F0
[2026-07-11T14:10:44] 📝 Visitando: https://www.instagram.com/fifawomensworldcup/p/DapVpLfPtxa/?hl=es
[2026-07-11T14:11:09] ✅ Comentario publicado: https://www.youtube.com/watch?v=hAQU1lZV-F0
[2026-07-11T14:11:12] 📝 Visitando: https://www.instagram.com/fifaworldcup/p/DaoOLbgiFNo/?hl=es
[2026-07-11T14:11:37] ✅ Comentario publicado: https://www.youtube.com/watch?v=hAQU1lZV-F0
[2026-07-11T14:11:40] 📝 Visitando: https://www.instagram.com/fifaworldcup/p/DaqCiWsD2VA/?hl=es
[2026-07-11T14:12:05] ✅ Comentario publicado: https://www.youtube.com/watch?v=hAQU1lZV-F0
[2026-07-11T14:12:08] 📝 Visitando: https://www.instagram.com/fifaworldcup/p/DaoWE0QCjoV/?hl=es
[2026-07-11T14:12:33] ✅ Comentario publicado: https://www.youtube.com/watch?v=hAQU1lZV-F0
[2026-07-11T14:12:36] 📝 Visitando: https://www.instagram.com/fifaworldcup/reel/DapnBXQvD_N/?hl=es
[2026-07-11T14:13:02] ✅ Comentario publicado: https://www.youtube.com/watch?v=hAQU1lZV-F0
[2026-07-11T14:13:05] 📝 Visitando: https://www.instagram.com/fifaworldcup/p/DapfwYoj-Su/?hl=es
[2026-07-11T14:13:30] ✅ Comentario publicado: https://www.youtube.com/watch?v=hAQU1lZV-F0
[2026-07-11T14:13:33] 📝 Visitando: https://www.instagram.com/fifaworldcup/reel/DaoR7dXNGjn/?hl=es
[2026-07-11T14:13:58] ✅ Comentario publicado: https://www.youtube.com/watch?v=hAQU1lZV-F0
[2026-07-11T14:14:01] 📝 Visitando: https://www.instagram.com/fifaworldcup/p/DapY_4ZtnTA/?hl=es
[2026-07-11T14:14:26] ✅ Comentario publicado: https://www.youtube.com/watch?v=hAQU1lZV-F0
[2026-07-11T14:14:29] 📝 Visitando: https://www.instagram.com/fifaworldcup/p/DagyPsyPq9G/?hl=es
[2026-07-11T14:14:54] ✅ Comentario publicado: https://www.youtube.com/watch?v=hAQU1lZV-F0
[2026-07-11T14:14:57] 📝 Visitando: https://www.instagram.com/fifaworldcup/reel/DaoRcxuNBkD/?hl=es
[2026-07-11T14:15:21] ✅ Comentario publicado: https://www.youtube.com/watch?v=hAQU1lZV-F0
[2026-07-11T14:15:24] 📝 Visitando: https://www.instagram.com/fifaworldcup/p/DaoR5GwnLMR/?hl=es
[2026-07-11T14:15:49] ✅ Comentario publicado: https://www.youtube.com/watch?v=hAQU1lZV-F0
[2026-07-11T14:15:52] 📝 Visitando: https://www.instagram.com/fifaworldcup/p/Dap01U3PPPQ/?hl=es
[2026-07-11T14:16:17] ✅ Comentario publicado: https://www.youtube.com/watch?v=hAQU1lZV-F0
[2026-07-11T14:16:20] 📝 Visitando: https://www.instagram.com/fifaworldcup/reel/Dapc2-fxJ8-/?hl=es
[2026-07-11T14:16:45] ✅ Comentario publicado: https://www.youtube.com/watch?v=hAQU1lZV-F0
[2026-07-11T14:16:48] 📝 Visitando: https://www.instagram.com/fifaworldcup/reel/DaoKWQyRtKp/?hl=es
[2026-07-11T14:17:14] ✅ Comentario publicado: https://www.youtube.com/watch?v=hAQU1lZV-F0
[2026-07-11T14:17:17] 📝 Visitando: https://www.instagram.com/fifaworldcup/p/DapOtOtkTKM/?hl=es
[2026-07-11T14:17:44] ✅ Comentario publicado: https://www.youtube.com/watch?v=hAQU1lZV-F0
[2026-07-11T14:17:47] 📝 Visitando: https://www.instagram.com/fifaworldcup/p/DaoIY_QCtTu/?hl=es
[2026-07-11T14:18:12] ✅ Comentario publicado: https://www.youtube.com/watch?v=hAQU1lZV-F0
[2026-07-11T14:18:15] ✅ Bot completado: 24 comentarios publicados exitosamente
